Archive member included because of file (symbol)

/Users/Tom/devkitPro/devkitARM/bin/../lib/gcc/arm-none-eabi/4.7.1/thumb/libgcc.a(_udivsi3.o)
                              main.o (__aeabi_uidivmod)
/Users/Tom/devkitPro/devkitARM/bin/../lib/gcc/arm-none-eabi/4.7.1/thumb/libgcc.a(_divsi3.o)
                              main.o (__aeabi_idivmod)
/Users/Tom/devkitPro/devkitARM/bin/../lib/gcc/arm-none-eabi/4.7.1/thumb/libgcc.a(_dvmd_tls.o)
                              /Users/Tom/devkitPro/devkitARM/bin/../lib/gcc/arm-none-eabi/4.7.1/thumb/libgcc.a(_udivsi3.o) (__aeabi_idiv0)
/Users/Tom/devkitPro/devkitARM/bin/../lib/gcc/arm-none-eabi/4.7.1/../../../../arm-none-eabi/lib/thumb/libg.a(lib_a-init.o)
                              /Users/Tom/devkitPro/devkitARM/bin/../lib/gcc/arm-none-eabi/4.7.1/../../../../arm-none-eabi/lib/thumb/gba_crt0.o (__libc_init_array)
/Users/Tom/devkitPro/devkitARM/bin/../lib/gcc/arm-none-eabi/4.7.1/../../../../arm-none-eabi/lib/thumb/libg.a(lib_a-rand.o)
                              main.o (srand)
/Users/Tom/devkitPro/devkitARM/bin/../lib/gcc/arm-none-eabi/4.7.1/../../../../arm-none-eabi/lib/thumb/libg.a(lib_a-impure.o)
                              /Users/Tom/devkitPro/devkitARM/bin/../lib/gcc/arm-none-eabi/4.7.1/../../../../arm-none-eabi/lib/thumb/libg.a(lib_a-rand.o) (_impure_ptr)
/Users/Tom/devkitPro/devkitARM/bin/../lib/gcc/arm-none-eabi/4.7.1/../../../../arm-none-eabi/lib/thumb/libsysbase.a(malloc_vars.o)
                              /Users/Tom/devkitPro/devkitARM/bin/../lib/gcc/arm-none-eabi/4.7.1/../../../../arm-none-eabi/lib/thumb/gba_crt0.o (fake_heap_end)
/Users/Tom/devkitPro/devkitARM/bin/../lib/gcc/arm-none-eabi/4.7.1/thumb/libgcc.a(_muldi3.o)
                              /Users/Tom/devkitPro/devkitARM/bin/../lib/gcc/arm-none-eabi/4.7.1/../../../../arm-none-eabi/lib/thumb/libg.a(lib_a-rand.o) (__aeabi_lmul)

Memory Configuration

Name             Origin             Length             Attributes
rom              0x08000000         0x02000000
iwram            0x03000000         0x00008000
ewram            0x02000000         0x00040000
*default*        0x00000000         0xffffffff

Linker script and memory map

                0x02000000                __text_start = ORIGIN (ewram)
                0x02040000                __eheap_end = (ORIGIN (ewram) + 0x40000)
                0x03000000                __iwram_start = ORIGIN (iwram)
                0x03008000                __iwram_top = (ORIGIN (iwram) + 0x8000)
                0x03007fa0                __sp_irq = (__iwram_top - 0x60)
                0x03007f00                __sp_usr = (__sp_irq - 0xa0)
                0x03007ff8                __irq_flags = 0x3007ff8
                0x02000000                . = __text_start

.init           0x02000000      0x21c
 *(.init)
 .init          0x02000000      0x210 /Users/Tom/devkitPro/devkitARM/bin/../lib/gcc/arm-none-eabi/4.7.1/../../../../arm-none-eabi/lib/thumb/gba_crt0.o
                0x02000000                _start
                0x020000c4                __boot_method
                0x020000c5                __slave_number
                0x020000e0                start_vector
 .init          0x02000210        0x4 /Users/Tom/devkitPro/devkitARM/bin/../lib/gcc/arm-none-eabi/4.7.1/thumb/crti.o
                0x02000210                _init
 .init          0x02000214        0x8 /Users/Tom/devkitPro/devkitARM/bin/../lib/gcc/arm-none-eabi/4.7.1/thumb/crtn.o
                0x0200021c                . = ALIGN (0x4)

.plt            0x0200021c        0x0
 *(.plt)
                0x0200021c                . = ALIGN (0x4)

.text           0x0200021c      0xd8c
 *(EXCLUDE_FILE(*.iwram*) .text)
 .text          0x0200021c        0x0 /Users/Tom/devkitPro/devkitARM/bin/../lib/gcc/arm-none-eabi/4.7.1/../../../../arm-none-eabi/lib/thumb/gba_crt0.o
 .text          0x0200021c        0x0 /Users/Tom/devkitPro/devkitARM/bin/../lib/gcc/arm-none-eabi/4.7.1/thumb/crti.o
 .text          0x0200021c       0xd0 /Users/Tom/devkitPro/devkitARM/bin/../lib/gcc/arm-none-eabi/4.7.1/thumb/crtbegin.o
 .text          0x020002ec        0x0 font.o
 .text          0x020002ec      0x148 gba.o
                0x020002ec                WaitVSync()
                0x02000308                FlipBuffers()
                0x02000334                ClearScreen8(unsigned char)
                0x0200035c                ClearScreen16(unsigned short)
                0x02000378                CopyScreen()
                0x020003a8                ClearObjects()
                0x020003ec                UpdateObjects()
                0x02000418                CopyToVRAM(unsigned short volatile*, unsigned short const*, int)
 .text          0x02000434      0x40c main.o
                0x02000614                drawGrass(unsigned char)
                0x0200069c                flower(unsigned char)
                0x020006b4                cursorUpdate()
                0x0200075c                cursorDraw()
 .text          0x02000840      0x11c /Users/Tom/devkitPro/devkitARM/bin/../lib/gcc/arm-none-eabi/4.7.1/thumb/libgcc.a(_udivsi3.o)
                0x02000840                __udivsi3
                0x02000840                __aeabi_uidiv
                0x0200093c                __aeabi_uidivmod
 .text          0x0200095c      0x150 /Users/Tom/devkitPro/devkitARM/bin/../lib/gcc/arm-none-eabi/4.7.1/thumb/libgcc.a(_divsi3.o)
                0x0200095c                __aeabi_idiv
                0x0200095c                __divsi3
                0x02000a8c                __aeabi_idivmod
 .text          0x02000aac        0x4 /Users/Tom/devkitPro/devkitARM/bin/../lib/gcc/arm-none-eabi/4.7.1/thumb/libgcc.a(_dvmd_tls.o)
                0x02000aac                __aeabi_ldiv0
                0x02000aac                __aeabi_idiv0
 .text          0x02000ab0       0x54 /Users/Tom/devkitPro/devkitARM/bin/../lib/gcc/arm-none-eabi/4.7.1/../../../../arm-none-eabi/lib/thumb/libg.a(lib_a-init.o)
                0x02000ab0                __libc_init_array
 *fill*         0x02000b04        0x4 ff
 .text          0x02000b08       0x50 /Users/Tom/devkitPro/devkitARM/bin/../lib/gcc/arm-none-eabi/4.7.1/../../../../arm-none-eabi/lib/thumb/libg.a(lib_a-rand.o)
                0x02000b08                srand
                0x02000b1c                rand
 .text          0x02000b58        0x0 /Users/Tom/devkitPro/devkitARM/bin/../lib/gcc/arm-none-eabi/4.7.1/../../../../arm-none-eabi/lib/thumb/libg.a(lib_a-impure.o)
 .text          0x02000b58        0x0 /Users/Tom/devkitPro/devkitARM/bin/../lib/gcc/arm-none-eabi/4.7.1/../../../../arm-none-eabi/lib/thumb/libsysbase.a(malloc_vars.o)
 .text          0x02000b58       0x4c /Users/Tom/devkitPro/devkitARM/bin/../lib/gcc/arm-none-eabi/4.7.1/thumb/libgcc.a(_muldi3.o)
                0x02000b58                __aeabi_lmul
                0x02000b58                __muldi3
 .text          0x02000ba4        0x0 /Users/Tom/devkitPro/devkitARM/bin/../lib/gcc/arm-none-eabi/4.7.1/thumb/crtend.o
 .text          0x02000ba4        0x0 /Users/Tom/devkitPro/devkitARM/bin/../lib/gcc/arm-none-eabi/4.7.1/thumb/crtn.o
 *(.text .stub .text.* .gnu.linkonce.t.*)
 .text.startup  0x02000ba4      0x3e0 main.o
                0x02000ba4                main
 *fill*         0x02000f84        0x4 ff
 .text.startup.stub
                0x02000f88       0x1c linker stubs
 *(.text.*personality*)
 *(.gnu.warning)
 *(.glue_7t)
 .glue_7t       0x00000000        0x0 linker stubs
 *(.glue_7)
 .glue_7        0x00000000        0x0 linker stubs
 *(.vfp11_veneer)
 .vfp11_veneer  0x00000000        0x0 linker stubs
                0x02000fa4                . = ALIGN (0x4)
                0x02000fa4                __text_end = .

.v4_bx          0x02000fa8        0x0
 .v4_bx         0x00000000        0x0 linker stubs

.iplt           0x02000fa8        0x0
 .iplt          0x00000000        0x0 /Users/Tom/devkitPro/devkitARM/bin/../lib/gcc/arm-none-eabi/4.7.1/../../../../arm-none-eabi/lib/thumb/gba_crt0.o

.fini           0x02000fa8        0xc
 *(.fini)
 .fini          0x02000fa8        0x4 /Users/Tom/devkitPro/devkitARM/bin/../lib/gcc/arm-none-eabi/4.7.1/thumb/crti.o
                0x02000fa8                _fini
 .fini          0x02000fac        0x8 /Users/Tom/devkitPro/devkitARM/bin/../lib/gcc/arm-none-eabi/4.7.1/thumb/crtn.o
                0x02000fb4                . = ALIGN (0x4)

.rodata         0x02000fb4     0x4008
 *(.rodata)
 .rodata        0x02000fb4     0x4000 font.o
                0x02000fb4                font_bold
                0x02002fb4                font_medium
 .rodata        0x02004fb4        0x4 /Users/Tom/devkitPro/devkitARM/bin/../lib/gcc/arm-none-eabi/4.7.1/../../../../arm-none-eabi/lib/thumb/libg.a(lib_a-impure.o)
                0x02004fb4                _global_impure_ptr
 *all.rodata*(*)
 *(.roda)
 *(.rodata.*)
 .rodata.str1.4
                0x02004fb8        0x4 /Users/Tom/devkitPro/devkitARM/bin/../lib/gcc/arm-none-eabi/4.7.1/../../../../arm-none-eabi/lib/thumb/libg.a(lib_a-impure.o)
 *(.gnu.linkonce.r*)
                0x02004fbc                . = ALIGN (0x4)

.rel.dyn        0x02004fbc        0x0
 .rel.iplt      0x00000000        0x0 /Users/Tom/devkitPro/devkitARM/bin/../lib/gcc/arm-none-eabi/4.7.1/../../../../arm-none-eabi/lib/thumb/gba_crt0.o

.ARM.extab
 *(.ARM.extab* .gnu.linkonce.armextab.*)
                0x02004fbc                __exidx_start = .

.ARM.exidx
 *(.ARM.exidx* .gnu.linkonce.armexidx.*)
                0x02004fbc                __exidx_end = .
                0x02004fbc                . = ALIGN (0x4)
                0x02004fbc                PROVIDE (__preinit_array_start, .)

.preinit_array
 *(.preinit_array)
                0x02004fbc                PROVIDE (__preinit_array_end, .)
                0x02004fbc                PROVIDE (__init_array_start, .)

.init_array     0x02004fbc        0x4
 *(.init_array)
 .init_array    0x02004fbc        0x4 /Users/Tom/devkitPro/devkitARM/bin/../lib/gcc/arm-none-eabi/4.7.1/thumb/crtbegin.o
                0x02004fc0                PROVIDE (__init_array_end, .)
                0x02004fc0                PROVIDE (__fini_array_start, .)

.fini_array     0x02004fc0        0x4
 *(.fini_array)
 .fini_array    0x02004fc0        0x4 /Users/Tom/devkitPro/devkitARM/bin/../lib/gcc/arm-none-eabi/4.7.1/thumb/crtbegin.o
                0x02004fc4                PROVIDE (__fini_array_end, .)

.ctors          0x02004fc4        0x0
 *crtbegin.o(.ctors)
 *(EXCLUDE_FILE(*crtend.o) .ctors)
 *(SORT(.ctors.*))
 *(.ctors)
                0x02004fc4                . = ALIGN (0x4)

.dtors          0x02004fc4        0x0
 *crtbegin.o(.dtors)
 *(EXCLUDE_FILE(*crtend.o) .dtors)
 *(SORT(.dtors.*))
 *(.dtors)
                0x02004fc4                . = ALIGN (0x4)

.jcr            0x02004fc4        0x4
 *(.jcr)
 .jcr           0x02004fc4        0x0 /Users/Tom/devkitPro/devkitARM/bin/../lib/gcc/arm-none-eabi/4.7.1/thumb/crtbegin.o
 .jcr           0x02004fc4        0x4 /Users/Tom/devkitPro/devkitARM/bin/../lib/gcc/arm-none-eabi/4.7.1/thumb/crtend.o

.eh_frame       0x02004fc8        0x4
 *(.eh_frame)
 .eh_frame      0x02004fc8        0x0 /Users/Tom/devkitPro/devkitARM/bin/../lib/gcc/arm-none-eabi/4.7.1/thumb/crtbegin.o
 .eh_frame      0x02004fc8        0x4 /Users/Tom/devkitPro/devkitARM/bin/../lib/gcc/arm-none-eabi/4.7.1/thumb/crtend.o
                0x02004fcc                . = ALIGN (0x4)

.gcc_except_table
                0x02004fcc        0x0
 *(.gcc_except_table)
                0x02004fcc                . = ALIGN (0x4)
                0x02004fcc                __iwram_lma = .

.iwram          0x03000000        0x0 load address 0x02004fcc
                0x03000000                __iwram_start__ = ABSOLUTE (.)
 *(.iwram)
 *iwram.*(.text)
                0x03000000                . = ALIGN (0x4)
                0x03000000                __iwram_end__ = ABSOLUTE (.)
                0x02004fcc                __data_lma = (__iwram_lma + SIZEOF (.iwram))

.bss            0x03000000      0x450
                0x03000000                __bss_start__ = ABSOLUTE (.)
 *(.dynbss)
 *(.gnu.linkonce.b*)
 *(.bss*)
 .bss           0x03000000        0x0 /Users/Tom/devkitPro/devkitARM/bin/../lib/gcc/arm-none-eabi/4.7.1/../../../../arm-none-eabi/lib/thumb/gba_crt0.o
 .bss           0x03000000        0x0 /Users/Tom/devkitPro/devkitARM/bin/../lib/gcc/arm-none-eabi/4.7.1/thumb/crti.o
 .bss           0x03000000       0x1c /Users/Tom/devkitPro/devkitARM/bin/../lib/gcc/arm-none-eabi/4.7.1/thumb/crtbegin.o
 .bss           0x0300001c        0x0 font.o
 .bss           0x0300001c      0x400 gba.o
                0x0300001c                ObjBuffer
 .bss           0x0300041c       0x2c main.o
                0x0300041c                xTrails
                0x03000428                yTrails
                0x03000434                keyCurrent
                0x03000436                keyPrevious
                0x03000438                something
 .bss           0x03000448        0x0 /Users/Tom/devkitPro/devkitARM/bin/../lib/gcc/arm-none-eabi/4.7.1/thumb/libgcc.a(_udivsi3.o)
 .bss           0x03000448        0x0 /Users/Tom/devkitPro/devkitARM/bin/../lib/gcc/arm-none-eabi/4.7.1/thumb/libgcc.a(_divsi3.o)
 .bss           0x03000448        0x0 /Users/Tom/devkitPro/devkitARM/bin/../lib/gcc/arm-none-eabi/4.7.1/thumb/libgcc.a(_dvmd_tls.o)
 .bss           0x03000448        0x0 /Users/Tom/devkitPro/devkitARM/bin/../lib/gcc/arm-none-eabi/4.7.1/../../../../arm-none-eabi/lib/thumb/libg.a(lib_a-init.o)
 .bss           0x03000448        0x0 /Users/Tom/devkitPro/devkitARM/bin/../lib/gcc/arm-none-eabi/4.7.1/../../../../arm-none-eabi/lib/thumb/libg.a(lib_a-rand.o)
 .bss           0x03000448        0x0 /Users/Tom/devkitPro/devkitARM/bin/../lib/gcc/arm-none-eabi/4.7.1/../../../../arm-none-eabi/lib/thumb/libg.a(lib_a-impure.o)
 .bss           0x03000448        0x8 /Users/Tom/devkitPro/devkitARM/bin/../lib/gcc/arm-none-eabi/4.7.1/../../../../arm-none-eabi/lib/thumb/libsysbase.a(malloc_vars.o)
                0x03000448                fake_heap_start
                0x0300044c                fake_heap_end
 .bss           0x03000450        0x0 /Users/Tom/devkitPro/devkitARM/bin/../lib/gcc/arm-none-eabi/4.7.1/thumb/libgcc.a(_muldi3.o)
 .bss           0x03000450        0x0 /Users/Tom/devkitPro/devkitARM/bin/../lib/gcc/arm-none-eabi/4.7.1/thumb/crtend.o
 .bss           0x03000450        0x0 /Users/Tom/devkitPro/devkitARM/bin/../lib/gcc/arm-none-eabi/4.7.1/thumb/crtn.o
 *(COMMON)
                0x03000450                . = ALIGN (0x4)
                0x03000450                __bss_end__ = ABSOLUTE (.)

.data           0x03000450      0x440 load address 0x02004fcc
                0x03000450                __data_start__ = ABSOLUTE (.)
 *(.data)
 .data          0x03000450        0x0 /Users/Tom/devkitPro/devkitARM/bin/../lib/gcc/arm-none-eabi/4.7.1/../../../../arm-none-eabi/lib/thumb/gba_crt0.o
 .data          0x03000450        0x0 /Users/Tom/devkitPro/devkitARM/bin/../lib/gcc/arm-none-eabi/4.7.1/thumb/crti.o
 .data          0x03000450        0x4 /Users/Tom/devkitPro/devkitARM/bin/../lib/gcc/arm-none-eabi/4.7.1/thumb/crtbegin.o
                0x03000450                __dso_handle
 .data          0x03000454        0x0 font.o
 .data          0x03000454        0x4 gba.o
                0x03000454                BackBuffer
 .data          0x03000458        0x4 main.o
                0x03000458                drawnFlowers
                0x03000459                range
                0x0300045a                xCursor
                0x0300045b                yCursor
 .data          0x0300045c        0x0 /Users/Tom/devkitPro/devkitARM/bin/../lib/gcc/arm-none-eabi/4.7.1/thumb/libgcc.a(_udivsi3.o)
 .data          0x0300045c        0x0 /Users/Tom/devkitPro/devkitARM/bin/../lib/gcc/arm-none-eabi/4.7.1/thumb/libgcc.a(_divsi3.o)
 .data          0x0300045c        0x0 /Users/Tom/devkitPro/devkitARM/bin/../lib/gcc/arm-none-eabi/4.7.1/thumb/libgcc.a(_dvmd_tls.o)
 .data          0x0300045c        0x0 /Users/Tom/devkitPro/devkitARM/bin/../lib/gcc/arm-none-eabi/4.7.1/../../../../arm-none-eabi/lib/thumb/libg.a(lib_a-init.o)
 .data          0x0300045c        0x0 /Users/Tom/devkitPro/devkitARM/bin/../lib/gcc/arm-none-eabi/4.7.1/../../../../arm-none-eabi/lib/thumb/libg.a(lib_a-rand.o)
 *fill*         0x0300045c        0x4 ff
 .data          0x03000460      0x430 /Users/Tom/devkitPro/devkitARM/bin/../lib/gcc/arm-none-eabi/4.7.1/../../../../arm-none-eabi/lib/thumb/libg.a(lib_a-impure.o)
                0x03000460                _impure_ptr
 .data          0x03000890        0x0 /Users/Tom/devkitPro/devkitARM/bin/../lib/gcc/arm-none-eabi/4.7.1/../../../../arm-none-eabi/lib/thumb/libsysbase.a(malloc_vars.o)
 .data          0x03000890        0x0 /Users/Tom/devkitPro/devkitARM/bin/../lib/gcc/arm-none-eabi/4.7.1/thumb/libgcc.a(_muldi3.o)
 .data          0x03000890        0x0 /Users/Tom/devkitPro/devkitARM/bin/../lib/gcc/arm-none-eabi/4.7.1/thumb/crtend.o
 .data          0x03000890        0x0 /Users/Tom/devkitPro/devkitARM/bin/../lib/gcc/arm-none-eabi/4.7.1/thumb/crtn.o
 *(.data.*)
 *(.gnu.linkonce.d*)
                0x03000890                . = ALIGN (0x4)
                0x03000890                __data_end__ = ABSOLUTE (.)
                0x0200540c                __iwram_overlay_lma = (__data_lma + SIZEOF (.data))
                0x03000890                PROVIDE (edata, .)
                0x03000890                __iwram_overlay_start = .

.igot.plt       0x03000890        0x0 load address 0x0200540c
 .igot.plt      0x00000000        0x0 /Users/Tom/devkitPro/devkitARM/bin/../lib/gcc/arm-none-eabi/4.7.1/../../../../arm-none-eabi/lib/thumb/gba_crt0.o

.tm_clone_table
                0x03000890        0x0 load address 0x0200540c
 .tm_clone_table
                0x03000890        0x0 /Users/Tom/devkitPro/devkitARM/bin/../lib/gcc/arm-none-eabi/4.7.1/thumb/crtbegin.o
 .tm_clone_table
                0x03000890        0x0 /Users/Tom/devkitPro/devkitARM/bin/../lib/gcc/arm-none-eabi/4.7.1/thumb/crtend.o

.iwram0         0x03000890        0x0 load address 0x0200540c
 *(.iwram0)
                0x03000890                . = ALIGN (0x4)
                0x0200540c                PROVIDE (__load_start_iwram0, LOADADDR (.iwram0))
                0x0200540c                PROVIDE (__load_stop_iwram0, (LOADADDR (.iwram0) + SIZEOF (.iwram0)))

.iwram1         0x03000890        0x0
 *(.iwram1)
                0x03000890                . = ALIGN (0x4)
                0x03000890                PROVIDE (__load_start_iwram1, LOADADDR (.iwram1))
                0x03000890                PROVIDE (__load_stop_iwram1, (LOADADDR (.iwram1) + SIZEOF (.iwram1)))

.iwram2         0x03000890        0x0
 *(.iwram2)
                0x03000890                . = ALIGN (0x4)
                0x03000890                PROVIDE (__load_start_iwram2, LOADADDR (.iwram2))
                0x03000890                PROVIDE (__load_stop_iwram2, (LOADADDR (.iwram2) + SIZEOF (.iwram2)))

.iwram3         0x03000890        0x0
 *(.iwram3)
                0x03000890                . = ALIGN (0x4)
                0x03000890                PROVIDE (__load_start_iwram3, LOADADDR (.iwram3))
                0x03000890                PROVIDE (__load_stop_iwram3, (LOADADDR (.iwram3) + SIZEOF (.iwram3)))

.iwram4         0x03000890        0x0
 *(.iwram4)
                0x03000890                . = ALIGN (0x4)
                0x03000890                PROVIDE (__load_start_iwram4, LOADADDR (.iwram4))
                0x03000890                PROVIDE (__load_stop_iwram4, (LOADADDR (.iwram4) + SIZEOF (.iwram4)))

.iwram5         0x03000890        0x0
 *(.iwram5)
                0x03000890                . = ALIGN (0x4)
                0x03000890                PROVIDE (__load_start_iwram5, LOADADDR (.iwram5))
                0x03000890                PROVIDE (__load_stop_iwram5, (LOADADDR (.iwram5) + SIZEOF (.iwram5)))

.iwram6         0x03000890        0x0
 *(.iwram6)
                0x03000890                . = ALIGN (0x4)
                0x03000890                PROVIDE (__load_start_iwram6, LOADADDR (.iwram6))
                0x03000890                PROVIDE (__load_stop_iwram6, (LOADADDR (.iwram6) + SIZEOF (.iwram6)))

.iwram7         0x03000890        0x0
 *(.iwram7)
                0x03000890                . = ALIGN (0x4)
                0x03000890                PROVIDE (__load_start_iwram7, LOADADDR (.iwram7))
                0x03000890                PROVIDE (__load_stop_iwram7, (LOADADDR (.iwram7) + SIZEOF (.iwram7)))

.iwram8         0x03000890        0x0
 *(.iwram8)
                0x03000890                . = ALIGN (0x4)
                0x03000890                PROVIDE (__load_start_iwram8, LOADADDR (.iwram8))
                0x03000890                PROVIDE (__load_stop_iwram8, (LOADADDR (.iwram8) + SIZEOF (.iwram8)))

.iwram9         0x03000890        0x0
 *(.iwram9)
                0x03000890                . = ALIGN (0x4)
                0x03000890                PROVIDE (__load_start_iwram9, LOADADDR (.iwram9))
                0x03000890                PROVIDE (__load_stop_iwram9, (LOADADDR (.iwram9) + SIZEOF (.iwram9)))
                0x0200540c                __ewram_lma = ((((((((((LOADADDR (.iwram0) + SIZEOF (.iwram0)) + SIZEOF (.iwram1)) + SIZEOF (.iwram2)) + SIZEOF (.iwram3)) + SIZEOF (.iwram4)) + SIZEOF (.iwram5)) + SIZEOF (.iwram6)) + SIZEOF (.iwram7)) + SIZEOF (.iwram8)) + SIZEOF (.iwram9))
                0x0200540c                __iwram_overlay_end = __ewram_lma
                0x0200540c                __ewram_start = __ewram_lma

.ewram          0x0200540c        0x0
 *(.ewram)
                0x0200540c                . = ALIGN (0x4)
                0x0200540c                __ewram_end = ABSOLUTE (.)
                0x0200540c                __ewram_overlay_lma = (__ewram_lma + SIZEOF (.ewram))

.sbss           0x0200540c        0x0
                0x0200540c                __sbss_start__ = ABSOLUTE (.)
 *(.sbss)
                0x0200540c                . = ALIGN (0x4)
                0x0200540c                __sbss_end__ = ABSOLUTE (.)
                0x0200540c                __end__ = ABSOLUTE (.)
                0x0200540c                __eheap_start = ABSOLUTE (.)

.ewram0         0x0200540c        0x0
 *(.ewram0)
                0x0200540c                . = ALIGN (0x4)
                0x0200540c                PROVIDE (__load_start_ewram0, LOADADDR (.ewram0))
                0x0200540c                PROVIDE (__load_stop_ewram0, (LOADADDR (.ewram0) + SIZEOF (.ewram0)))

.ewram1         0x0200540c        0x0
 *(.ewram1)
                0x0200540c                . = ALIGN (0x4)
                0x0200540c                PROVIDE (__load_start_ewram1, LOADADDR (.ewram1))
                0x0200540c                PROVIDE (__load_stop_ewram1, (LOADADDR (.ewram1) + SIZEOF (.ewram1)))

.ewram2         0x0200540c        0x0
 *(.ewram2)
                0x0200540c                . = ALIGN (0x4)
                0x0200540c                PROVIDE (__load_start_ewram2, LOADADDR (.ewram2))
                0x0200540c                PROVIDE (__load_stop_ewram2, (LOADADDR (.ewram2) + SIZEOF (.ewram2)))

.ewram3         0x0200540c        0x0
 *(.ewram3)
                0x0200540c                . = ALIGN (0x4)
                0x0200540c                PROVIDE (__load_start_ewram3, LOADADDR (.ewram3))
                0x0200540c                PROVIDE (__load_stop_ewram3, (LOADADDR (.ewram3) + SIZEOF (.ewram3)))

.ewram4         0x0200540c        0x0
 *(.ewram4)
                0x0200540c                . = ALIGN (0x4)
                0x0200540c                PROVIDE (__load_start_ewram4, LOADADDR (.ewram4))
                0x0200540c                PROVIDE (__load_stop_ewram4, (LOADADDR (.ewram4) + SIZEOF (.ewram4)))

.ewram5         0x0200540c        0x0
 *(.ewram5)
                0x0200540c                . = ALIGN (0x4)
                0x0200540c                PROVIDE (__load_start_ewram5, LOADADDR (.ewram5))
                0x0200540c                PROVIDE (__load_stop_ewram5, (LOADADDR (.ewram5) + SIZEOF (.ewram5)))

.ewram6         0x0200540c        0x0
 *(.ewram6)
                0x0200540c                . = ALIGN (0x4)
                0x0200540c                PROVIDE (__load_start_ewram6, LOADADDR (.ewram6))
                0x0200540c                PROVIDE (__load_stop_ewram6, (LOADADDR (.ewram6) + SIZEOF (.ewram6)))

.ewram7         0x0200540c        0x0
 *(.ewram7)
                0x0200540c                . = ALIGN (0x4)
                0x0200540c                PROVIDE (__load_start_ewram7, LOADADDR (.ewram7))
                0x0200540c                PROVIDE (__load_stop_ewram7, (LOADADDR (.ewram7) + SIZEOF (.ewram7)))

.ewram8         0x0200540c        0x0
 *(.ewram8)
                0x0200540c                . = ALIGN (0x4)
                0x0200540c                PROVIDE (__load_start_ewram8, LOADADDR (.ewram8))
                0x0200540c                PROVIDE (__load_stop_ewram8, (LOADADDR (.ewram8) + SIZEOF (.ewram8)))

.ewram9         0x0200540c        0x0
 *(.ewram9)
                0x0200540c                . = ALIGN (0x4)
                0x0200540c                PROVIDE (__load_start_ewram9, LOADADDR (.ewram9))
                0x0200540c                PROVIDE (__load_stop_ewram9, (LOADADDR (.ewram9) + SIZEOF (.ewram9)))
                0x0200540c                __ewram_overlay_end = ABSOLUTE (.)
                0x0200540c                __eheap_start = __ewram_overlay_end
                0x0200540c                _end = __ewram_overlay_end
                0x0200540c                __end__ = __ewram_overlay_end
                0x0200540c                __rom_end__ = __ewram_overlay_end

.stab
 *(.stab)

.stabstr
 *(.stabstr)

.stab.excl
 *(.stab.excl)

.stab.exclstr
 *(.stab.exclstr)

.stab.index
 *(.stab.index)

.stab.indexstr
 *(.stab.indexstr)

.comment        0x00000000       0x22
 *(.comment)
 .comment       0x00000000       0x22 /Users/Tom/devkitPro/devkitARM/bin/../lib/gcc/arm-none-eabi/4.7.1/thumb/crtbegin.o
                                 0x23 (size before relaxing)
 .comment       0x00000000       0x23 font.o
 .comment       0x00000000       0x23 gba.o
 .comment       0x00000000       0x23 main.o
 .comment       0x00000000       0x23 /Users/Tom/devkitPro/devkitARM/bin/../lib/gcc/arm-none-eabi/4.7.1/../../../../arm-none-eabi/lib/thumb/libg.a(lib_a-init.o)
 .comment       0x00000000       0x23 /Users/Tom/devkitPro/devkitARM/bin/../lib/gcc/arm-none-eabi/4.7.1/../../../../arm-none-eabi/lib/thumb/libg.a(lib_a-rand.o)
 .comment       0x00000000       0x23 /Users/Tom/devkitPro/devkitARM/bin/../lib/gcc/arm-none-eabi/4.7.1/../../../../arm-none-eabi/lib/thumb/libg.a(lib_a-impure.o)
 .comment       0x00000000       0x23 /Users/Tom/devkitPro/devkitARM/bin/../lib/gcc/arm-none-eabi/4.7.1/../../../../arm-none-eabi/lib/thumb/libsysbase.a(malloc_vars.o)
 .comment       0x00000000       0x23 /Users/Tom/devkitPro/devkitARM/bin/../lib/gcc/arm-none-eabi/4.7.1/thumb/libgcc.a(_muldi3.o)
 .comment       0x00000000       0x23 /Users/Tom/devkitPro/devkitARM/bin/../lib/gcc/arm-none-eabi/4.7.1/thumb/crtend.o

.ARM.attributes
                0x00000000       0x2d
 .ARM.attributes
                0x00000000       0x18 /Users/Tom/devkitPro/devkitARM/bin/../lib/gcc/arm-none-eabi/4.7.1/../../../../arm-none-eabi/lib/thumb/gba_crt0.o
 .ARM.attributes
                0x00000018       0x18 /Users/Tom/devkitPro/devkitARM/bin/../lib/gcc/arm-none-eabi/4.7.1/thumb/crti.o
 .ARM.attributes
                0x00000030       0x32 /Users/Tom/devkitPro/devkitARM/bin/../lib/gcc/arm-none-eabi/4.7.1/thumb/crtbegin.o
 .ARM.attributes
                0x00000062       0x2e font.o
 .ARM.attributes
                0x00000090       0x2e gba.o
 .ARM.attributes
                0x000000be       0x2e main.o
 .ARM.attributes
                0x000000ec       0x1a /Users/Tom/devkitPro/devkitARM/bin/../lib/gcc/arm-none-eabi/4.7.1/thumb/libgcc.a(_udivsi3.o)
 .ARM.attributes
                0x00000106       0x1a /Users/Tom/devkitPro/devkitARM/bin/../lib/gcc/arm-none-eabi/4.7.1/thumb/libgcc.a(_divsi3.o)
 .ARM.attributes
                0x00000120       0x18 /Users/Tom/devkitPro/devkitARM/bin/../lib/gcc/arm-none-eabi/4.7.1/thumb/libgcc.a(_dvmd_tls.o)
 .ARM.attributes
                0x00000138       0x32 /Users/Tom/devkitPro/devkitARM/bin/../lib/gcc/arm-none-eabi/4.7.1/../../../../arm-none-eabi/lib/thumb/libg.a(lib_a-init.o)
 .ARM.attributes
                0x0000016a       0x32 /Users/Tom/devkitPro/devkitARM/bin/../lib/gcc/arm-none-eabi/4.7.1/../../../../arm-none-eabi/lib/thumb/libg.a(lib_a-rand.o)
 .ARM.attributes
                0x0000019c       0x32 /Users/Tom/devkitPro/devkitARM/bin/../lib/gcc/arm-none-eabi/4.7.1/../../../../arm-none-eabi/lib/thumb/libg.a(lib_a-impure.o)
 .ARM.attributes
                0x000001ce       0x32 /Users/Tom/devkitPro/devkitARM/bin/../lib/gcc/arm-none-eabi/4.7.1/../../../../arm-none-eabi/lib/thumb/libsysbase.a(malloc_vars.o)
 .ARM.attributes
                0x00000200       0x32 /Users/Tom/devkitPro/devkitARM/bin/../lib/gcc/arm-none-eabi/4.7.1/thumb/libgcc.a(_muldi3.o)
 .ARM.attributes
                0x00000232       0x32 /Users/Tom/devkitPro/devkitARM/bin/../lib/gcc/arm-none-eabi/4.7.1/thumb/crtend.o
 .ARM.attributes
                0x00000264       0x18 /Users/Tom/devkitPro/devkitARM/bin/../lib/gcc/arm-none-eabi/4.7.1/thumb/crtn.o

.debug
 *(.debug)

.line
 *(.line)

.debug_srcinfo
 *(.debug_srcinfo)

.debug_sfnames
 *(.debug_sfnames)

.debug_aranges  0x00000000       0x60
 *(.debug_aranges)
 .debug_aranges
                0x00000000       0x18 font.o
 .debug_aranges
                0x00000018       0x20 gba.o
 .debug_aranges
                0x00000038       0x28 main.o

.debug_pubnames
 *(.debug_pubnames)

.debug_info     0x00000000     0x13f9
 *(.debug_info)
 .debug_info    0x00000000       0x9e font.o
 .debug_info    0x0000009e      0x424 gba.o
 .debug_info    0x000004c2      0xf37 main.o

.debug_abbrev   0x00000000      0x564
 *(.debug_abbrev)
 .debug_abbrev  0x00000000       0x5f font.o
 .debug_abbrev  0x0000005f      0x1fd gba.o
 .debug_abbrev  0x0000025c      0x308 main.o

.debug_line     0x00000000      0x68d
 *(.debug_line)
 .debug_line    0x00000000       0x61 font.o
 .debug_line    0x00000061      0x17a gba.o
 .debug_line    0x000001db      0x4b2 main.o

.debug_frame    0x00000000      0x1bc
 *(.debug_frame)
 .debug_frame   0x00000000       0xd0 gba.o
 .debug_frame   0x000000d0       0xec main.o

.debug_str      0x00000000      0x3cb
 *(.debug_str)
 .debug_str     0x00000000       0xbe font.o
                                 0xd7 (size before relaxing)
 .debug_str     0x000000be      0x1b9 gba.o
                                0x239 (size before relaxing)
 .debug_str     0x00000277      0x154 main.o
                                0x29b (size before relaxing)

.debug_loc      0x00000000     0x1367
 *(.debug_loc)
 .debug_loc     0x00000000      0x30a gba.o
 .debug_loc     0x0000030a     0x105d main.o

.debug_macinfo
 *(.debug_macinfo)

.debug_weaknames
 *(.debug_weaknames)

.debug_funcnames
 *(.debug_funcnames)

.debug_typenames
 *(.debug_typenames)

.debug_varnames
 *(.debug_varnames)

.stack          0x00080000        0x0
                0x00080000                _stack = .
 *(.stack)
LOAD /Users/Tom/devkitPro/devkitARM/bin/../lib/gcc/arm-none-eabi/4.7.1/../../../../arm-none-eabi/lib/thumb/gba_crt0.o
LOAD /Users/Tom/devkitPro/devkitARM/bin/../lib/gcc/arm-none-eabi/4.7.1/thumb/crti.o
LOAD /Users/Tom/devkitPro/devkitARM/bin/../lib/gcc/arm-none-eabi/4.7.1/thumb/crtbegin.o
LOAD font.o
LOAD gba.o
LOAD main.o
LOAD /Users/Tom/devkitPro//libgba/lib/libgba.a
LOAD /Users/Tom/devkitPro/devkitARM/bin/../lib/gcc/arm-none-eabi/4.7.1/../../../../arm-none-eabi/lib/thumb/libstdc++.a
LOAD /Users/Tom/devkitPro/devkitARM/bin/../lib/gcc/arm-none-eabi/4.7.1/../../../../arm-none-eabi/lib/thumb/libm.a
START GROUP
LOAD /Users/Tom/devkitPro/devkitARM/bin/../lib/gcc/arm-none-eabi/4.7.1/thumb/libgcc.a
LOAD /Users/Tom/devkitPro/devkitARM/bin/../lib/gcc/arm-none-eabi/4.7.1/../../../../arm-none-eabi/lib/thumb/libg.a
LOAD /Users/Tom/devkitPro/devkitARM/bin/../lib/gcc/arm-none-eabi/4.7.1/../../../../arm-none-eabi/lib/thumb/libc.a
LOAD /Users/Tom/devkitPro/devkitARM/bin/../lib/gcc/arm-none-eabi/4.7.1/../../../../arm-none-eabi/lib/thumb/libsysbase.a
END GROUP
LOAD /Users/Tom/devkitPro/devkitARM/bin/../lib/gcc/arm-none-eabi/4.7.1/thumb/crtend.o
LOAD /Users/Tom/devkitPro/devkitARM/bin/../lib/gcc/arm-none-eabi/4.7.1/thumb/crtn.o
OUTPUT(/Users/Tom/Dropbox/cPlusPlus/GBA/flower/flower_mb.elf elf32-littlearm)

.debug_ranges   0x00000000      0x828
 .debug_ranges  0x00000000      0x100 gba.o
 .debug_ranges  0x00000100      0x728 main.o
